2026-08-11 10:48:52 saveCandidateStage POST:
  action        = 
  interviewDate = 
  interviewDate_normalized = 
  interviewType = 
  interviewerId = 
  interviewLevel= 
---
2026-08-11 10:48:52 saveCandidateStage DB Save Details:
  Operation        = INSERT CandidateInterviews (ID: 25)
  ApplicationId    = 20
  InterviewRound   = 1
  InterviewType    = 
  ScheduledAt      = OMITTED/NULL
  InterviewerId    = 
---
2026-08-11 11:04:49 saveCandidateStage POST:
  action        = 
  interviewDate = 
  interviewDate_normalized = 
  interviewType = 
  interviewerId = 
  interviewLevel= 
---
2026-08-11 11:04:49 saveCandidateStage DB Save Details:
  Operation        = INSERT CandidateInterviews (ID: 26)
  ApplicationId    = 21
  InterviewRound   = 1
  InterviewType    = 
  ScheduledAt      = OMITTED/NULL
  InterviewerId    = 
---
2026-08-11 11:08:12 saveCandidateStage POST:
  action        = Shortlisted
  interviewDate = 2026-08-13
  interviewDate_normalized = 2026-08-13 00:00:00
  interviewType = Offline
  interviewerId = 16
  interviewLevel= 7
---
2026-08-11 11:08:12 saveCandidateStage DB Save Details:
  Operation        = INSERT CandidateInterviews (ID: 27)
  ApplicationId    = 21
  InterviewRound   = 2
  InterviewType    = Offline
  ScheduledAt      = 2026-08-13 00:00:00
  InterviewerId    = 16
---
2026-08-12 11:26:47 saveCandidateStage POST:
  action        = 
  interviewDate = 
  interviewDate_normalized = 
  interviewType = 
  interviewerId = 
  interviewLevel= 
---
2026-08-12 11:26:47 saveCandidateStage DB Save Details:
  Operation        = INSERT CandidateInterviews (ID: 28)
  ApplicationId    = 23
  InterviewRound   = 1
  InterviewType    = 
  ScheduledAt      = OMITTED/NULL
  InterviewerId    = 
  MeetLink         = N/A
---
2026-08-12 11:27:50 saveCandidateStage POST:
  action        = Shortlisted
  interviewDate = 2026-08-13
  interviewDate_normalized = 2026-08-13 00:00:00
  interviewType = Online
  interviewerId = 17
  interviewLevel= 7
---
2026-08-12 11:27:50 saveCandidateStage DB Save Details:
  Operation        = INSERT CandidateInterviews (ID: 29)
  ApplicationId    = 23
  InterviewRound   = 2
  InterviewType    = Online
  ScheduledAt      = 2026-08-13 00:00:00
  InterviewerId    = 17
  MeetLink         = https://meet.jit.si/INETCSC-JOB20260010-CAND1920260812121-C0E707
---
2026-08-12 11:28:37 saveCandidateStage POST:
  action        = Shortlisted
  interviewDate = 2026-08-13
  interviewDate_normalized = 2026-08-13 00:00:00
  interviewType = Online
  interviewerId = 17
  interviewLevel= 7
---
2026-08-12 11:28:37 saveCandidateStage DB Save Details:
  Operation        = INSERT CandidateInterviews (ID: 30)
  ApplicationId    = 23
  InterviewRound   = 3
  InterviewType    = Online
  ScheduledAt      = 2026-08-13 00:00:00
  InterviewerId    = 17
  MeetLink         = https://meet.jit.si/INETCSC-JOB20260010-CAND1920260812121-8F1AFB
---
2026-08-12 12:04:48 saveCandidateStage POST:
  action        = Reschedule
  interviewDate = 2026-08-27
  interviewDate_normalized = 2026-08-27 00:00:00
  interviewType = Online
  interviewerId = 17
  interviewLevel= 7
---
2026-08-12 12:04:48 saveCandidateStage DB Save Details:
  Operation        = UPDATE CandidateInterviews (ID: 30)
  ApplicationId    = 23
  InterviewRound   = 3
  InterviewType    = Online
  ScheduledAt      = 2026-08-27 00:00:00
  InterviewerId    = 17
  MeetLink         = https://meet.jit.si/INETCSC-JOB20260010-CAND1920260812121-C37CA9
---
2026-08-12 12:04:48 Interview Email:
  Mode          = online
  CandidateMail = fazil721655@gmail.com
  InterviewerMail = reka@inetcsc.com
  CandidateSend = OK
  InterviewerSend = OK
---
2026-08-12 12:05:51 saveCandidateStage POST:
  action        = Reschedule
  interviewDate = 2026-08-21
  interviewDate_normalized = 2026-08-21 00:00:00
  interviewType = Offline
  interviewerId = 17
  interviewLevel= 7
---
2026-08-12 12:05:51 saveCandidateStage DB Save Details:
  Operation        = UPDATE CandidateInterviews (ID: 30)
  ApplicationId    = 23
  InterviewRound   = 3
  InterviewType    = Offline
  ScheduledAt      = 2026-08-21 00:00:00
  InterviewerId    = 17
  MeetLink         = N/A
---
2026-08-12 12:05:51 Interview Email:
  Mode          = offline
  CandidateMail = fazil721655@gmail.com
  InterviewerMail = reka@inetcsc.com
  CallLetterSend = OK
---
2026-08-12 12:08:27 saveCandidateStage POST:
  action        = Reschedule
  interviewDate = 2026-08-22
  interviewDate_normalized = 2026-08-22 00:00:00
  interviewType = Offline
  interviewerId = 17
  interviewLevel= 7
---
2026-08-12 12:08:27 saveCandidateStage DB Save Details:
  Operation        = UPDATE CandidateInterviews (ID: 30)
  ApplicationId    = 23
  InterviewRound   = 3
  InterviewType    = Offline
  ScheduledAt      = 2026-08-22 00:00:00
  InterviewerId    = 17
  MeetLink         = N/A
---
2026-08-12 12:08:27 Interview Email:
  Mode          = offline
  CandidateMail = fazil721655@gmail.com
  InterviewerMail = reka@inetcsc.com
  CandidateSend = OK
  InterviewerSend = OK
---
2026-08-12 12:12:37 saveCandidateStage POST:
  action        = Reschedule
  interviewDate = 2026-09-04
  interviewDate_normalized = 2026-09-04 00:00:00
  interviewType = Online
  interviewerId = 17
  interviewLevel= 7
---
2026-08-12 12:12:37 saveCandidateStage DB Save Details:
  Operation        = UPDATE CandidateInterviews (ID: 30)
  ApplicationId    = 23
  InterviewRound   = 3
  InterviewType    = Online
  ScheduledAt      = 2026-09-04 00:00:00
  InterviewerId    = 17
  MeetLink         = https://meet.jit.si/INETCSC-JOB20260010-CAND1920260812121-9FFB4E
---
2026-08-12 12:12:37 Interview Email:
  Mode          = online
  CandidateMail = fazil721655@gmail.com
  InterviewerMail = reka@inetcsc.com
  CandidateSend = OK
  InterviewerSend = OK
---
2026-08-12 14:08:49 saveCandidateStage POST:
  action        = 
  interviewDate = 
  interviewDate_normalized = 
  interviewType = 
  interviewerId = 
  interviewLevel= 
---
2026-08-12 14:08:49 saveCandidateStage DB Save Details:
  Operation        = INSERT CandidateInterviews (ID: 31)
  ApplicationId    = 24
  InterviewRound   = 1
  InterviewType    = 
  ScheduledAt      = OMITTED/NULL
  InterviewerId    = 
  MeetLink         = N/A
---
2026-08-12 14:08:49 Interview Email:
  Mode          = 
  CandidateMail = fazil721655@gmail.com
  InterviewerMail = 
---
2026-08-12 14:38:31 saveCandidateStage POST:
  action        = 
  interviewDate = 
  interviewDate_normalized = 
  interviewType = 
  interviewerId = 
  interviewLevel= 
---
2026-08-12 14:38:31 saveCandidateStage DB Save Details:
  Operation        = INSERT CandidateInterviews (ID: 32)
  ApplicationId    = 25
  InterviewRound   = 1
  InterviewType    = 
  ScheduledAt      = OMITTED/NULL
  InterviewerId    = 
  MeetLink         = N/A
---
2026-08-12 14:38:31 Interview Email:
  Mode          = 
  CandidateMail = fazil721655@gmail.com
  InterviewerMail = 
---
2026-08-13 12:35:45 saveCandidateStage POST:
  action        = 
  interviewDate = 
  interviewDate_normalized = 
  interviewType = 
  interviewerId = 
  interviewLevel= 
---
2026-08-13 12:35:45 saveCandidateStage DB Save Details:
  Operation        = INSERT CandidateInterviews (ID: 33, Rescheduled)
  ApplicationId    = 28
  InterviewRound   = 1
  InterviewType    = 
  ScheduledAt      = OMITTED/NULL
  InterviewerId    = 
  MeetLink         = N/A
---
2026-08-13 12:35:45 Interview Email:
  Mode          = 
  CandidateMail = fazil721655@gmail.com
  InterviewerMail = 
---
2026-08-17 16:29:37 saveCandidateStage POST:
  action        = Shortlisted
  interviewDate = 2026-08-17
  interviewDate_normalized = 2026-08-17 00:00:00
  interviewType = Online
  interviewerId = 17
  interviewLevel= 7
---
2026-08-17 16:29:37 saveCandidateStage DB Save Details:
  Operation        = INSERT CandidateInterviews (ID: 34, Rescheduled)
  ApplicationId    = 28
  InterviewRound   = 2
  InterviewType    = Online
  ScheduledAt      = 2026-08-17 00:00:00
  InterviewerId    = 17
  MeetLink         = https://meet.jit.si/INETCSC-JOB20260002-CAND3020260813566-2EFF6B
---
2026-08-17 16:29:37 Interview Email:
  Mode          = online
  CandidateMail = fazil721655@gmail.com
  InterviewerMail = reka@inetcsc.com
  CandidateSend = OK
  InterviewerSend = OK
---
2026-08-17 18:17:40 saveCandidateStage POST:
  action        = 
  interviewDate = 
  interviewDate_normalized = 
  interviewType = 
  interviewerId = 
  interviewLevel= 
---
2026-08-17 18:17:40 saveCandidateStage DB Save Details:
  Operation        = INSERT CandidateInterviews (ID: 35, Rescheduled)
  ApplicationId    = 31
  InterviewRound   = 1
  InterviewType    = 
  ScheduledAt      = OMITTED/NULL
  InterviewerId    = 
  MeetLink         = N/A
---
2026-08-17 18:17:40 Interview Email:
  Mode          = 
  CandidateMail = fazil721655@gmail.com
  InterviewerMail = 
---
2026-08-17 18:18:10 saveCandidateStage POST:
  action        = Shortlisted
  interviewDate = 2026-08-17
  interviewDate_normalized = 2026-08-17 00:00:00
  interviewType = Online
  interviewerId = 17
  interviewLevel= 7
---
2026-08-17 18:18:10 saveCandidateStage DB Save Details:
  Operation        = INSERT CandidateInterviews (ID: 36, Rescheduled)
  ApplicationId    = 31
  InterviewRound   = 2
  InterviewType    = Online
  ScheduledAt      = 2026-08-17 00:00:00
  InterviewerId    = 17
  MeetLink         = https://meet.jit.si/INETCSC-JOB20260003-CAND3120260817412-1F854A
---
2026-08-17 18:18:10 Interview Email:
  Mode          = online
  CandidateMail = fazil721655@gmail.com
  InterviewerMail = reka@inetcsc.com
  CandidateSend = OK
  InterviewerSend = OK
---
2026-08-18 15:40:24 saveCandidateStage POST:
  action        = 
  interviewDate = 
  interviewDate_normalized = 
  interviewType = 
  interviewerId = 
  interviewLevel= 
---
2026-08-18 15:40:24 saveCandidateStage DB Save Details:
  Operation        = INSERT CandidateInterviews (ID: 37, Rescheduled)
  ApplicationId    = 36
  InterviewRound   = 1
  InterviewType    = 
  ScheduledAt      = OMITTED/NULL
  InterviewerId    = 
  MeetLink         = N/A
---
2026-08-18 15:40:24 Interview Email:
  Mode          = 
  CandidateMail = vijaykumaresan92@gmail.com
  InterviewerMail = 
---
2026-08-18 15:40:44 saveCandidateStage POST:
  action        = Shortlisted
  interviewDate = 2026-08-26
  interviewDate_normalized = 2026-08-26 00:00:00
  interviewType = Offline
  interviewerId = 17
  interviewLevel= 7
---
2026-08-18 15:40:44 saveCandidateStage DB Save Details:
  Operation        = INSERT CandidateInterviews (ID: 38, Rescheduled)
  ApplicationId    = 36
  InterviewRound   = 2
  InterviewType    = Offline
  ScheduledAt      = 2026-08-26 00:00:00
  InterviewerId    = 17
  MeetLink         = N/A
---
2026-08-18 15:40:44 Interview Email:
  Mode          = offline
  CandidateMail = vijaykumaresan92@gmail.com
  InterviewerMail = reka@inetcsc.com
  CandidateSend = OK
  InterviewerSend = OK
---
2026-08-19 15:10:28 saveCandidateStage POST:
  action        = 
  interviewDate = 
  interviewDate_normalized = 
  interviewType = 
  interviewerId = 
  interviewLevel= 
---
2026-08-19 15:10:28 saveCandidateStage DB Save Details:
  Operation        = INSERT CandidateInterviews (ID: 39, Rescheduled)
  ApplicationId    = 50
  InterviewRound   = 1
  InterviewType    = 
  ScheduledAt      = OMITTED/NULL
  InterviewerId    = 
  MeetLink         = N/A
---
2026-08-19 15:10:28 Interview Email:
  Mode          = 
  CandidateMail = francis6062@gmail.com
  InterviewerMail = 
---
2026-08-19 15:10:52 saveCandidateStage POST:
  action        = Shortlisted
  interviewDate = 2026-08-19
  interviewDate_normalized = 2026-08-19 00:00:00
  interviewType = Online
  interviewerId = 16
  interviewLevel= 7
---
2026-08-19 15:10:52 saveCandidateStage DB Save Details:
  Operation        = INSERT CandidateInterviews (ID: 40, Rescheduled)
  ApplicationId    = 50
  InterviewRound   = 2
  InterviewType    = Online
  ScheduledAt      = 2026-08-19 00:00:00
  InterviewerId    = 16
  MeetLink         = https://meet.jit.si/INETCSC-JOB20260002-CAND3020260819576-72FB5C
---
2026-08-19 15:10:52 Interview Email:
  Mode          = online
  CandidateMail = francis6062@gmail.com
  InterviewerMail = prasannakumari@inetcsc.com
  CandidateSend = OK
  InterviewerSend = OK
---
2026-08-19 15:30:03 saveCandidateStage POST:
  action        = 
  interviewDate = 
  interviewDate_normalized = 
  interviewType = 
  interviewerId = 
  interviewLevel= 
---
2026-08-19 15:30:03 saveCandidateStage DB Save Details:
  Operation        = INSERT CandidateInterviews (ID: 41, Rescheduled)
  ApplicationId    = 65
  InterviewRound   = 1
  InterviewType    = 
  ScheduledAt      = OMITTED/NULL
  InterviewerId    = 
  MeetLink         = N/A
---
2026-08-19 15:30:03 Interview Email:
  Mode          = 
  CandidateMail = vijaykumaresan92@gmail.com
  InterviewerMail = 
---
2026-08-19 15:30:38 saveCandidateStage POST:
  action        = Shortlisted
  interviewDate = 2026-08-19
  interviewDate_normalized = 2026-08-19 00:00:00
  interviewType = Online
  interviewerId = 16
  interviewLevel= 7
---
2026-08-19 15:30:38 saveCandidateStage DB Save Details:
  Operation        = INSERT CandidateInterviews (ID: 42, Rescheduled)
  ApplicationId    = 65
  InterviewRound   = 2
  InterviewType    = Online
  ScheduledAt      = 2026-08-19 00:00:00
  InterviewerId    = 16
  MeetLink         = https://meet.jit.si/INETCSC-JOB20260002-CAND3020260819557-16F127
---
2026-08-19 15:30:38 Interview Email:
  Mode          = online
  CandidateMail = vijaykumaresan92@gmail.com
  InterviewerMail = prasannakumari@inetcsc.com
  CandidateSend = OK
  InterviewerSend = OK
---
